­ƒöì Testing SQLite connection...
node.exe : 
En línea: 1 Carácter: 
1
+ & "C:\Program Files\
nodejs/node.exe" 
"C:\Program 
Files\nodejs/node_mo 
...
+ ~~~~~~~~~~~~~~~~~~~~
~~~~~~~~~~~~~~~~~~~~~~
~~~~~~~~~~~~~~~~~~~~~~
~~~~~
    + CategoryInfo    
          : NotSpeci  
  fied: (:String) [   
 ], RemoteExceptio    
n
    + FullyQualifiedE 
   rrorId : NativeCo  
  mmandError
 
thread '<unnamed>' 
panicked at query-engi
ne\query-engine-node-a
pi\src\engine.rs:76:45
:

            Failed to 
deserialize 
constructor options.

            This 
usually happens when 
the javascript object 
passed to the 
constructor is missing
            
properties for the 
ConstructorOptions 
fields that must have 
some value.

            If you 
set some of these in 
javascript through 
environment 
variables, make sure 
there are
            values 
for data_model, 
log_level, and any 
field that is not 
Option<T>
            : Error { 
status: InvalidArg, 
reason: "missing 
field 
`enableTracing`", 
maybe_raw: 0x0 }
note: run with 
`RUST_BACKTRACE=1` 
environment variable 
to display a backtrace
